000000883 000000471 -328 72.64 0 0 308 308 0 74 402 410 contained

     1 agaaacca-aga-agagaaagacaga-gaagagaacagaaaagaatacagaataggagagaaaaagagagagagacagagag-agaga-agaagag-ag-gaa-gaga-agata-gagagagaa-agaaa-gagga--ga-gagaagagagataa-acga-gagg-gagaagagagaagag-agaagagaacagaga-agagagaaaaaatgta-agagaagagagatagaaaa-aag-gagagat-a-gacgaa-g-aga-gagacagagaagag-agaacagatagaagagaatagagagaca-agaatgga-agcag-gaccgcg-gaacacgc--ggag
       |||*||*|*|||*|*||||*||*|||*||||||||**||||*|||*|*||||*||*|||||||||||||||||||*|*|||**|||||*|||||||*||*|||*||||*|||*|*|||||||||*|||||*||*||**||*|||||*|||||*||*|*||*|||**||||*||||*|||||*|*||||*||*|||||*||*|||||**||*|*|*|*||||||*|||*|||*||*|||*||||*|**|*|||*||*|*|||*||||*||||||*||*||||*|||*|*|||||||*|||||||*|*||||*|*|*||*||*||*||*|*|||*||*|**||||
    75 agagac-agagagacagaacgaaagaagaagagaa--gaaa-gaagagagaagag-agagaaaaagagagagagagaaagaacagagacagaagaggagagaaagagagagaaaagagagagaagagaaacgaagacagaagagaacagaga-aagaagaagagaagaga-gagacaagagcaaaaga-aagagagagagcgagaaggaaag-agaaagaagaaagaaagacaagaagagagacaagaagacaaaaggagaagagagagagaa-aggagaaaaga-aaaagagaaaagagagagacagaa-gcagag-agagaacg-gagaagac-caaggag  25.4%
000001471 000000479 -472 74.92 0 2 463 463 0 0 472 489 overlap

     3 cag-agtggtgatacaacgcagagtacatgggatatatactataga-ta--t-c-ta-tagtatataag-a-actaagtataata-ata-cta-tagtaatataa-tat-gtatataatataactatagta-tatatactatagtatatatactataagtatataatactatatagtaatataaaata-tatag-ta-gtatatata-atctatagtatatatac-taatatatatatactatagtatatata-taa-agtatac-tatatgtatatata-cta-tagtaatatactaatagtata-tatactataagtaatatatatataagtatatatagtatagtaatatat--c-tagata-atatactatagtatata-taactagtagtaatagtaataagtatatatataagtatatatactatagtata-taa-tatagata-atatagtaaa-tatcccatgtactctgc-gtgtgataccac-tg--ct-t
       *||*||||||*||*||||||||||||||||||||||||||||||||*||**|*|*||*||*|||||||**|*|*||*|||||*||*|||*|||*|||||||||||*|||*|||||||*||||*|||*|*||*||*|||**||||*|||*|||*||*||*||*|||*||||||**|||||*|||*|*||*||||**||*|*|||*|||*||||||||||||||||**||**|||||||*|*|||||*|||*|||*|||*|*||||**|||||**|||||||*|||*||*||||||||||||||||*|*|||||||||||||*||||||**||||||||||||*|||||||*|||||**|*|||*||*|||||*||||*||||||*||**||*||*||*|||||*||*|||||||*|||*|||||||||||||||||||*|||*||||*||**|||||*||*|*|||***|*|||*|*****||*|*|||*|*|*||**||*|
     1 aagcagtggt-at-caacgcagagtacatgggatatatactatagaataaatacatagtaatatataaatataatacgtatagtatataactaatagtaatataactatagtatata-tata-cta-a-taatagata-aatag-ataaatagta-aa-tagatattactat-gagtaa-atatactagtataaatacgaataaatatatctatagtatatatagata-gatatatagagtatagaataaatagtaataatataagtatat--atatatagctaata-taatatactaatagtaaaatatactataagta-tatata-ctaagtatatatactatagtagtatataacatag-tagatata-tataatatatagtatataata-ta-tagta-ta-gtatata-ata-gtatatatactatagtataataactatatatgtatata-tatagtat-ataggta-taaatagtataatatcccatgtactct  23.4%
     +  +
     -  -
